Archive member included to satisfy reference by file (symbol)

lib/orangescrt.a(printf.o)    kernel/main.o (printf)
lib/orangescrt.a(vsprintf.o)  kernel/main.o (vsprintf)
lib/orangescrt.a(string.o)    kernel/start.o (memcpy)
lib/orangescrt.a(misc.o)      kernel/main.o (send_recv)
lib/orangescrt.a(open.o)      kernel/main.o (open)
lib/orangescrt.a(read.o)      kernel/main.o (read)
lib/orangescrt.a(write.o)     kernel/main.o (write)
lib/orangescrt.a(close.o)     kernel/main.o (close)
lib/orangescrt.a(lseek.o)     kernel/main.o (lseek)
lib/orangescrt.a(getpid.o)    kernel/main.o (getpid)
lib/orangescrt.a(stat.o)      mm/exec.o (stat)
lib/orangescrt.a(fork.o)      kernel/main.o (fork)
lib/orangescrt.a(wait.o)      kernel/main.o (wait)
lib/orangescrt.a(exec.o)      kernel/main.o (execv)
lib/orangescrt.a(syscall.o)   lib/orangescrt.a(misc.o) (sendrec)

Allocating common symbols
Common symbol       size              file

idt_ptr             0x6               kernel/global.o
inode_table         0xb00             kernel/global.o
task_stack          0x24000           kernel/global.o
k_reenter           0x4               kernel/global.o
gdt                 0x400             kernel/global.o
current_console     0x4               kernel/global.o
pcaller             0x4               kernel/global.o
tty_table           0xc6c             kernel/global.o
tss                 0x68              kernel/global.o
fs_msg              0x30              kernel/global.o
memory_size         0x4               kernel/global.o
f_desc_table        0x400             kernel/global.o
root_inode          0x4               kernel/global.o
disp_pos            0x4               kernel/global.o
mm_msg              0x30              kernel/global.o
key_pressed         0x4               kernel/global.o
gdt_ptr             0x6               kernel/global.o
idt                 0x800             kernel/global.o
super_block         0x1e0             kernel/global.o
PARTITION_ENTRY     0x10              kernel/hd.o
ticks               0x4               kernel/global.o
console_table       0x3c              kernel/global.o
irq_table           0x40              kernel/global.o
p_proc_ready        0x4               kernel/global.o
proc_table          0x3cb4            kernel/global.o

Discarded input sections

 .note.GNU-stack
                0x0000000000000000        0x0 kernel/start.o
 .note.GNU-stack
                0x0000000000000000        0x0 kernel/main.o
 .note.GNU-stack
                0x0000000000000000        0x0 kernel/clock.o
 .note.GNU-stack
                0x0000000000000000        0x0 kernel/keyboard.o
 .note.GNU-stack
                0x0000000000000000        0x0 kernel/tty.o
 .note.GNU-stack
                0x0000000000000000        0x0 kernel/console.o
 .note.GNU-stack
                0x0000000000000000        0x0 kernel/i8259.o
 .note.GNU-stack
                0x0000000000000000        0x0 kernel/global.o
 .note.GNU-stack
                0x0000000000000000        0x0 kernel/protect.o
 .note.GNU-stack
                0x0000000000000000        0x0 kernel/proc.o
 .note.GNU-stack
                0x0000000000000000        0x0 kernel/systask.o
 .note.GNU-stack
                0x0000000000000000        0x0 kernel/hd.o
 .note.GNU-stack
                0x0000000000000000        0x0 kernel/klib.o
 .note.GNU-stack
                0x0000000000000000        0x0 lib/syslog.o
 .note.GNU-stack
                0x0000000000000000        0x0 mm/main.o
 .note.GNU-stack
                0x0000000000000000        0x0 mm/forkexit.o
 .note.GNU-stack
                0x0000000000000000        0x0 mm/exec.o
 .note.GNU-stack
                0x0000000000000000        0x0 fs/main.o
 .note.GNU-stack
                0x0000000000000000        0x0 fs/open.o
 .note.GNU-stack
                0x0000000000000000        0x0 fs/misc.o
 .note.GNU-stack
                0x0000000000000000        0x0 fs/read_write.o
 .note.GNU-stack
                0x0000000000000000        0x0 fs/link.o
 .note.GNU-stack
                0x0000000000000000        0x0 fs/disklog.o
 .note.GNU-stack
                0x0000000000000000        0x0 lib/orangescrt.a(printf.o)
 .note.GNU-stack
                0x0000000000000000        0x0 lib/orangescrt.a(vsprintf.o)
 .note.GNU-stack
                0x0000000000000000        0x0 lib/orangescrt.a(misc.o)
 .note.GNU-stack
                0x0000000000000000        0x0 lib/orangescrt.a(open.o)
 .note.GNU-stack
                0x0000000000000000        0x0 lib/orangescrt.a(read.o)
 .note.GNU-stack
                0x0000000000000000        0x0 lib/orangescrt.a(write.o)
 .note.GNU-stack
                0x0000000000000000        0x0 lib/orangescrt.a(close.o)
 .note.GNU-stack
                0x0000000000000000        0x0 lib/orangescrt.a(lseek.o)
 .note.GNU-stack
                0x0000000000000000        0x0 lib/orangescrt.a(getpid.o)
 .note.GNU-stack
                0x0000000000000000        0x0 lib/orangescrt.a(stat.o)
 .note.GNU-stack
                0x0000000000000000        0x0 lib/orangescrt.a(fork.o)
 .note.GNU-stack
                0x0000000000000000        0x0 lib/orangescrt.a(wait.o)
 .note.GNU-stack
                0x0000000000000000        0x0 lib/orangescrt.a(exec.o)

Memory Configuration

Name             Origin             Length             Attributes
*default*        0x0000000000000000 0xffffffffffffffff

Linker script and memory map

Address of section .text set to 0x1000
LOAD kernel/kernel.o
LOAD kernel/start.o
LOAD kernel/main.o
LOAD kernel/clock.o
LOAD kernel/keyboard.o
LOAD kernel/tty.o
LOAD kernel/console.o
LOAD kernel/i8259.o
LOAD kernel/global.o
LOAD kernel/protect.o
LOAD kernel/proc.o
LOAD kernel/systask.o
LOAD kernel/hd.o
LOAD kernel/kliba.o
LOAD kernel/klib.o
LOAD lib/syslog.o
LOAD mm/main.o
LOAD mm/forkexit.o
LOAD mm/exec.o
LOAD fs/main.o
LOAD fs/open.o
LOAD fs/misc.o
LOAD fs/read_write.o
LOAD fs/link.o
LOAD fs/disklog.o
LOAD lib/orangescrt.a
                0x0000000008048000                PROVIDE (__executable_start, 0x8048000)
                0x0000000008048094                . = (0x8048000 + SIZEOF_HEADERS)

.interp
 *(.interp)

.note.gnu.build-id
 *(.note.gnu.build-id)

.hash
 *(.hash)

.gnu.hash
 *(.gnu.hash)

.dynsym
 *(.dynsym)

.dynstr
 *(.dynstr)

.gnu.version
 *(.gnu.version)

.gnu.version_d
 *(.gnu.version_d)

.gnu.version_r
 *(.gnu.version_r)

.rel.dyn        0x0000000008048094        0x0
 *(.rel.init)
 *(.rel.text .rel.text.* .rel.gnu.linkonce.t.*)
 .rel.text      0x0000000000000000        0x0 kernel/kernel.o
 *(.rel.fini)
 *(.rel.rodata .rel.rodata.* .rel.gnu.linkonce.r.*)
 *(.rel.data.rel.ro .rel.data.rel.ro.* .rel.gnu.linkonce.d.rel.ro.*)
 *(.rel.data .rel.data.* .rel.gnu.linkonce.d.*)
 .rel.data      0x0000000000000000        0x0 kernel/kernel.o
 *(.rel.tdata .rel.tdata.* .rel.gnu.linkonce.td.*)
 *(.rel.tbss .rel.tbss.* .rel.gnu.linkonce.tb.*)
 *(.rel.ctors)
 *(.rel.dtors)
 *(.rel.got)
 *(.rel.bss .rel.bss.* .rel.gnu.linkonce.b.*)
 *(.rel.ifunc)

.rel.plt        0x0000000008048094        0x0
 *(.rel.plt)
                0x0000000008048094                PROVIDE (__rel_iplt_start, .)
 *(.rel.iplt)
 .rel.iplt      0x0000000000000000        0x0 kernel/kernel.o
                0x0000000008048094                PROVIDE (__rel_iplt_end, .)

.init
 *(SORT(.init))

.plt            0x00000000080480a0        0x0
 *(.plt)
 *(.iplt)
 .iplt          0x0000000000000000        0x0 kernel/kernel.o

.text           0x0000000000001000     0xd078
 *(.text.unlikely .text.*_unlikely .text.unlikely.*)
 *(.text.exit .text.exit.*)
 *(.text.startup .text.startup.*)
 *(.text.hot .text.hot.*)
 *(.text .stub .text.* .gnu.linkonce.t.*)
 .text          0x0000000000001000      0x410 kernel/kernel.o
                0x0000000000001000                _start
                0x0000000000001040                hwint00
                0x0000000000001070                hwint01
                0x00000000000010a0                hwint02
                0x00000000000010d0                hwint03
                0x0000000000001100                hwint04
                0x0000000000001130                hwint05
                0x0000000000001160                hwint06
                0x0000000000001190                hwint07
                0x00000000000011c0                hwint08
                0x00000000000011f0                hwint09
                0x0000000000001220                hwint10
                0x0000000000001250                hwint11
                0x0000000000001280                hwint12
                0x00000000000012b0                hwint13
                0x00000000000012e0                hwint14
                0x0000000000001310                hwint15
                0x0000000000001334                divide_error
                0x000000000000133a                single_step_exception
                0x0000000000001340                nmi
                0x0000000000001346                breakpoint_exception
                0x000000000000134c                overflow
                0x0000000000001352                bounds_check
                0x0000000000001358                inval_opcode
                0x000000000000135e                copr_not_available
                0x0000000000001364                double_fault
                0x0000000000001368                copr_seg_overrun
                0x000000000000136e                inval_tss
                0x0000000000001372                segment_not_present
                0x0000000000001376                stack_exception
                0x000000000000137a                general_protection
                0x000000000000137e                page_fault
                0x0000000000001382                copr_error
                0x00000000000013cb                sys_call
                0x00000000000013eb                restart
 .text          0x0000000000001410       0x8e kernel/start.o
                0x0000000000001410                cstart
 .text          0x000000000000149e      0xb19 kernel/main.o
                0x000000000000149e                kernel_main
                0x00000000000017e9                get_ticks
                0x0000000000001821                untar
                0x0000000000001af6                shabby_shell
                0x0000000000001de3                Init
                0x0000000000001f58                TestA
                0x0000000000001f5d                TestB
                0x0000000000001f62                TestC
                0x0000000000001f67                panic
 .text          0x0000000000001fb7      0x14e kernel/clock.o
                0x0000000000001fb7                clock_handler
                0x0000000000002068                milli_delay
                0x00000000000020a1                init_clock
 .text          0x0000000000002105      0x6cf kernel/keyboard.o
                0x0000000000002105                keyboard_handler
                0x000000000000216b                init_keyboard
                0x000000000000221a                keyboard_read
 .text          0x00000000000027d4      0xa68 kernel/tty.o
                0x00000000000027d4                task_tty
                0x00000000000029c9                in_process
                0x0000000000002f47                sys_printx
                0x00000000000030e9                dump_tty_buf
 .text          0x000000000000323c      0x82a kernel/console.o
                0x000000000000323c                init_screen
                0x00000000000033ad                out_char
                0x00000000000036ec                is_current_console
                0x00000000000037e1                select_console
                0x000000000000381c                scroll_screen
 .text          0x0000000000003a66      0x13c kernel/i8259.o
                0x0000000000003a66                init_8259A
                0x0000000000003b57                spurious_irq
                0x0000000000003b82                put_irq_handler
 .text          0x0000000000003ba2        0x0 kernel/global.o
 .text          0x0000000000003ba2      0x842 kernel/protect.o
                0x0000000000003ba2                init_prot
                0x00000000000041fc                seg2linear
                0x000000000000424b                init_desc
                0x00000000000042b7                exception_handler
 .text          0x00000000000043e4     0x1cd4 kernel/proc.o
                0x00000000000043e4                schedule
                0x0000000000004475                outqueue
                0x00000000000044e1                inqueue
                0x000000000000455f                myschedule
                0x0000000000004667                get_one_proc
                0x000000000000480e                sys_sendrec
                0x000000000000496d                ldt_seg_linear
                0x00000000000049b7                va2la
                0x0000000000004a26                reset_msg
                0x0000000000005a4d                inform_int
                0x0000000000005c0a                dump_proc
                0x0000000000005f73                dump_msg
 .text          0x00000000000060b8      0x2cf kernel/systask.o
                0x00000000000060b8                task_sys
 .text          0x0000000000006387      0xd88 kernel/hd.o
                0x0000000000006387                task_hd
                0x00000000000070ea                hd_handler
 *fill*         0x000000000000710f        0x1 
 .text          0x0000000000007110      0x19a kernel/kliba.o
                0x0000000000007110                disp_str
                0x000000000000714e                disp_color_str
                0x000000000000718d                out_byte
                0x0000000000007199                in_byte
                0x00000000000071a3                port_read
                0x00000000000071b6                port_write
                0x00000000000071c9                disable_irq
                0x00000000000071fe                enable_irq
                0x000000000000721d                disable_int
                0x000000000000721f                enable_int
                0x0000000000007221                glitter
 .text          0x00000000000072aa      0x2d2 kernel/klib.o
                0x00000000000072aa                get_boot_params
                0x000000000000734a                get_kernel_map
                0x0000000000007466                itoa
                0x0000000000007511                disp_int
                0x0000000000007536                delay
 .text          0x000000000000757c       0x75 lib/syslog.o
                0x000000000000757c                syslog
 .text          0x00000000000075f1      0x1d9 mm/main.o
                0x00000000000075f1                task_mm
                0x0000000000007737                alloc_mem
                0x00000000000077c0                free_mem
 .text          0x00000000000077ca      0x63b mm/forkexit.o
                0x00000000000077ca                do_fork
                0x0000000000007b7b                do_exit
                0x0000000000007d49                do_wait
 .text          0x0000000000007e05      0x390 mm/exec.o
                0x0000000000007e05                do_exec
 .text          0x0000000000008195     0x12b3 fs/main.o
                0x0000000000008195                task_fs
                0x0000000000008de6                rw_sector
                0x0000000000009020                get_super_block
                0x0000000000009066                get_inode
                0x00000000000091d4                put_inode
                0x0000000000009219                sync_inode
 .text          0x0000000000009448      0xc49 fs/open.o
                0x0000000000009448                do_open
                0x00000000000099c3                do_close
                0x0000000000009a3a                do_lseek
 .text          0x000000000000a091      0x3f6 fs/misc.o
                0x000000000000a091                do_stat
                0x000000000000a282                search_file
                0x000000000000a3fb                strip_path
 .text          0x000000000000a487      0x538 fs/read_write.o
                0x000000000000a487                do_rdwt
 .text          0x000000000000a9bf      0x8f6 fs/link.o
                0x000000000000a9bf                do_unlink
 .text          0x000000000000b2b5     0x215a fs/disklog.o
                0x000000000000b2b5                disklog
                0x000000000000b8fb                dump_fd_graph
 .text          0x000000000000d40f       0xc0 lib/orangescrt.a(printf.o)
                0x000000000000d40f                printf
                0x000000000000d48e                printl
 .text          0x000000000000d4cf      0x318 lib/orangescrt.a(vsprintf.o)
                0x000000000000d532                vsprintf
                0x000000000000d7bd                sprintf
 *fill*         0x000000000000d7e7        0x9 
 .text          0x000000000000d7f0       0x78 lib/orangescrt.a(string.o)
                0x000000000000d7f0                memcpy
                0x000000000000d819                memset
                0x000000000000d83a                strcpy
                0x000000000000d852                strlen
 .text          0x000000000000d868      0x288 lib/orangescrt.a(misc.o)
                0x000000000000d868                send_recv
                0x000000000000d948                memcmp
                0x000000000000d9be                strcmp
                0x000000000000da30                strcat
                0x000000000000da8f                spin
                0x000000000000daaa                assertion_failure
 .text          0x000000000000daf0       0x73 lib/orangescrt.a(open.o)
                0x000000000000daf0                open
 .text          0x000000000000db63       0x3f lib/orangescrt.a(read.o)
                0x000000000000db63                read
 .text          0x000000000000dba2       0x3f lib/orangescrt.a(write.o)
                0x000000000000dba2                write
 .text          0x000000000000dbe1       0x33 lib/orangescrt.a(close.o)
                0x000000000000dbe1                close
 .text          0x000000000000dc14       0x3f lib/orangescrt.a(lseek.o)
                0x000000000000dc14                lseek
 .text          0x000000000000dc53       0x59 lib/orangescrt.a(getpid.o)
                0x000000000000dc53                getpid
 .text          0x000000000000dcac       0x73 lib/orangescrt.a(stat.o)
                0x000000000000dcac                stat
 .text          0x000000000000dd1f       0x84 lib/orangescrt.a(fork.o)
                0x000000000000dd1f                fork
 .text          0x000000000000dda3       0x44 lib/orangescrt.a(wait.o)
                0x000000000000dda3                wait
 .text          0x000000000000dde7      0x263 lib/orangescrt.a(exec.o)
                0x000000000000dde7                exec
                0x000000000000de62                execl
                0x000000000000de88                execv
 *fill*         0x000000000000e04a        0x6 
 .text          0x000000000000e050       0x28 lib/orangescrt.a(syscall.o)
                0x000000000000e050                sendrec
                0x000000000000e06a                printx
 *(.gnu.warning)

.fini
 *(SORT(.fini))
                0x000000000000e078                PROVIDE (__etext, .)
                0x000000000000e078                PROVIDE (_etext, .)
                0x000000000000e078                PROVIDE (etext, .)

.rodata         0x000000000000e080     0x2607
 *(.rodata .rodata.* .gnu.linkonce.r.*)
 .rodata        0x000000000000e080       0x3b kernel/start.o
 *fill*         0x000000000000e0bb        0x1 
 .rodata        0x000000000000e0bc      0x1e8 kernel/main.o
 .rodata        0x000000000000e2a4        0x2 kernel/clock.o
 *fill*         0x000000000000e2a6        0x2 
 .rodata        0x000000000000e2a8       0x64 kernel/keyboard.o
 .rodata        0x000000000000e30c      0x168 kernel/tty.o
 .rodata        0x000000000000e474       0x5b kernel/console.o
 .rodata        0x000000000000e4cf       0x11 kernel/i8259.o
 .rodata        0x000000000000e4e0       0x10 kernel/global.o
                0x000000000000e4e0                FSBUF_SIZE
                0x000000000000e4e4                MMBUF_SIZE
                0x000000000000e4e8                LOGBUF_SIZE
                0x000000000000e4ec                LOGDISKBUF_SIZE
 *fill*         0x000000000000e4f0       0x10 
 .rodata        0x000000000000e500      0x580 kernel/protect.o
 .rodata        0x000000000000ea80      0x5d6 kernel/proc.o
 .rodata        0x000000000000f056       0x11 kernel/systask.o
 *fill*         0x000000000000f067        0x1 
 .rodata        0x000000000000f068      0x15c kernel/hd.o
 .rodata        0x000000000000f1c4       0x6a kernel/klib.o
 .rodata        0x000000000000f22e       0x1e lib/syslog.o
 .rodata        0x000000000000f24c       0xb1 mm/main.o
 *fill*         0x000000000000f2fd        0x3 
 .rodata        0x000000000000f300       0xe5 mm/forkexit.o
 *fill*         0x000000000000f3e5        0x3 
 .rodata        0x000000000000f3e8       0xa4 mm/exec.o
 .rodata        0x000000000000f48c      0x2ce fs/main.o
 *fill*         0x000000000000f75a        0x2 
 .rodata        0x000000000000f75c      0x1c8 fs/open.o
 .rodata        0x000000000000f924       0x60 fs/misc.o
 .rodata        0x000000000000f984      0x164 fs/read_write.o
 .rodata        0x000000000000fae8      0x1ad fs/link.o
 *fill*         0x000000000000fc95        0x3 
 .rodata        0x000000000000fc98      0x806 fs/disklog.o
 .rodata        0x000000000001049e       0x14 lib/orangescrt.a(printf.o)
 *fill*         0x00000000000104b2        0x2 
 .rodata        0x00000000000104b4       0xad lib/orangescrt.a(misc.o)
 .rodata        0x0000000000010561       0x23 lib/orangescrt.a(open.o)
 .rodata        0x0000000000010584       0x25 lib/orangescrt.a(getpid.o)
 .rodata        0x00000000000105a9       0x23 lib/orangescrt.a(stat.o)
 .rodata        0x00000000000105cc       0x33 lib/orangescrt.a(fork.o)
 *fill*         0x00000000000105ff        0x1 
 .rodata        0x0000000000010600       0x87 lib/orangescrt.a(exec.o)

.rodata1
 *(.rodata1)

.eh_frame_hdr
 *(.eh_frame_hdr)

.eh_frame       0x0000000000010688     0x1338
 *(.eh_frame)
 .eh_frame      0x0000000000010688       0x38 kernel/start.o
 .eh_frame      0x00000000000106c0      0x108 kernel/main.o
                                        0x120 (size before relaxing)
 .eh_frame      0x00000000000107c8       0x60 kernel/clock.o
                                         0x78 (size before relaxing)
 .eh_frame      0x0000000000010828       0xe0 kernel/keyboard.o
                                         0xf8 (size before relaxing)
 .eh_frame      0x0000000000010908      0x13c kernel/tty.o
                                        0x154 (size before relaxing)
 .eh_frame      0x0000000000010a44      0x148 kernel/console.o
                                        0x160 (size before relaxing)
 .eh_frame      0x0000000000010b8c       0x60 kernel/i8259.o
                                         0x78 (size before relaxing)
 .eh_frame      0x0000000000010bec       0xb0 kernel/protect.o
                                         0xc8 (size before relaxing)
 .eh_frame      0x0000000000010c9c      0x240 kernel/proc.o
                                        0x258 (size before relaxing)
 .eh_frame      0x0000000000010edc       0x5c kernel/systask.o
                                         0x74 (size before relaxing)
 .eh_frame      0x0000000000010f38      0x1e8 kernel/hd.o
                                        0x200 (size before relaxing)
 .eh_frame      0x0000000000011120       0xa0 kernel/klib.o
                                         0xb8 (size before relaxing)
 .eh_frame      0x00000000000111c0       0x20 lib/syslog.o
                                         0x38 (size before relaxing)
 .eh_frame      0x00000000000111e0       0x7c mm/main.o
                                         0x94 (size before relaxing)
 .eh_frame      0x000000000001125c       0x90 mm/forkexit.o
                                         0xa8 (size before relaxing)
 .eh_frame      0x00000000000112ec       0x2c mm/exec.o
                                         0x44 (size before relaxing)
 .eh_frame      0x0000000000011318      0x174 fs/main.o
                                        0x18c (size before relaxing)
 .eh_frame      0x000000000001148c      0x128 fs/open.o
                                        0x140 (size before relaxing)
 .eh_frame      0x00000000000115b4       0x70 fs/misc.o
                                         0x88 (size before relaxing)
 .eh_frame      0x0000000000011624       0x2c fs/read_write.o
                                         0x44 (size before relaxing)
 .eh_frame      0x0000000000011650       0x2c fs/link.o
                                         0x44 (size before relaxing)
 .eh_frame      0x000000000001167c       0x60 fs/disklog.o
                                         0x78 (size before relaxing)
 .eh_frame      0x00000000000116dc       0x40 lib/orangescrt.a(printf.o)
                                         0x58 (size before relaxing)
 .eh_frame      0x000000000001171c       0x68 lib/orangescrt.a(vsprintf.o)
                                         0x80 (size before relaxing)
 .eh_frame      0x0000000000011784       0xbc lib/orangescrt.a(misc.o)
                                         0xd4 (size before relaxing)
 .eh_frame      0x0000000000011840       0x20 lib/orangescrt.a(open.o)
                                         0x38 (size before relaxing)
 .eh_frame      0x0000000000011860       0x20 lib/orangescrt.a(read.o)
                                         0x38 (size before relaxing)
 .eh_frame      0x0000000000011880       0x20 lib/orangescrt.a(write.o)
                                         0x38 (size before relaxing)
 .eh_frame      0x00000000000118a0       0x20 lib/orangescrt.a(close.o)
                                         0x38 (size before relaxing)
 .eh_frame      0x00000000000118c0       0x20 lib/orangescrt.a(lseek.o)
                                         0x38 (size before relaxing)
 .eh_frame      0x00000000000118e0       0x20 lib/orangescrt.a(getpid.o)
                                         0x38 (size before relaxing)
 .eh_frame      0x0000000000011900       0x20 lib/orangescrt.a(stat.o)
                                         0x38 (size before relaxing)
 .eh_frame      0x0000000000011920       0x20 lib/orangescrt.a(fork.o)
                                         0x38 (size before relaxing)
 .eh_frame      0x0000000000011940       0x20 lib/orangescrt.a(wait.o)
                                         0x38 (size before relaxing)
 .eh_frame      0x0000000000011960       0x60 lib/orangescrt.a(exec.o)
                                         0x78 (size before relaxing)

.gcc_except_table
 *(.gcc_except_table .gcc_except_table.*)

.exception_ranges
 *(.exception_ranges .exception_ranges*)
                0x00000000000119c0                . = (ALIGN (0x1000) - ((0x1000 - .) & 0xfff))
                0x00000000000129c0                . = DATA_SEGMENT_ALIGN (0x1000, 0x1000)

.eh_frame
 *(.eh_frame)

.gcc_except_table
 *(.gcc_except_table .gcc_except_table.*)

.exception_ranges
 *(.exception_ranges .exception_ranges*)

.tdata
 *(.tdata .tdata.* .gnu.linkonce.td.*)

.tbss
 *(.tbss .tbss.* .gnu.linkonce.tb.*)
 *(.tcommon)

.preinit_array  0x00000000000129c0        0x0
                0x00000000000129c0                PROVIDE (__preinit_array_start, .)
 *(.preinit_array)
                0x00000000000129c0                PROVIDE (__preinit_array_end, .)

.init_array     0x00000000000129c0        0x0
                0x00000000000129c0                PROVIDE (__init_array_start, .)
 *(SORT(.init_array.*) SORT(.ctors.*))
 *(.init_array EXCLUDE_FILE(*crtend?.o *crtend.o *crtbegin?.o *crtbegin.o) .ctors)
                0x00000000000129c0                PROVIDE (__init_array_end, .)

.fini_array     0x00000000000129c0        0x0
                0x00000000000129c0                PROVIDE (__fini_array_start, .)
 *(SORT(.fini_array.*) SORT(.dtors.*))
 *(.fini_array EXCLUDE_FILE(*crtend?.o *crtend.o *crtbegin?.o *crtbegin.o) .dtors)
                0x00000000000129c0                PROVIDE (__fini_array_end, .)

.ctors
 *crtbegin.o(.ctors)
 *crtbegin?.o(.ctors)
 *(EXCLUDE_FILE(*crtend?.o *crtend.o) .ctors)
 *(SORT(.ctors.*))
 *(.ctors)

.dtors
 *crtbegin.o(.dtors)
 *crtbegin?.o(.dtors)
 *(EXCLUDE_FILE(*crtend?.o *crtend.o) .dtors)
 *(SORT(.dtors.*))
 *(.dtors)

.jcr
 *(.jcr)

.data.rel.ro
 *(.data.rel.ro.local* .gnu.linkonce.d.rel.ro.local.*)
 *(.data.rel.ro .data.rel.ro.* .gnu.linkonce.d.rel.ro.*)

.dynamic
 *(.dynamic)

.got
 *(.got)
 *(.igot)
                0x00000000000129c0                . = DATA_SEGMENT_RELRO_END (., (SIZEOF (.got.plt) >= 0xc)?0xc:0x0)

.got.plt        0x00000000000129c0        0x0
 *(.got.plt)
 *(.igot.plt)
 .igot.plt      0x0000000000000000        0x0 kernel/kernel.o

.data           0x00000000000129c0      0xab4
 *(.data .data.* .gnu.linkonce.d.*)
 .data          0x00000000000129c0        0x2 kernel/kernel.o
 .data          0x00000000000129c2        0x0 kernel/start.o
 .data          0x00000000000129c2        0x0 kernel/main.o
 .data          0x00000000000129c2        0x0 kernel/clock.o
 *fill*         0x00000000000129c2       0x1e 
 .data          0x00000000000129e0      0x600 kernel/keyboard.o
                0x00000000000129e0                keymap
 .data          0x0000000000012fe0       0x22 kernel/tty.o
 .data          0x0000000000013002        0x0 kernel/console.o
 .data          0x0000000000013002        0x0 kernel/i8259.o
 *fill*         0x0000000000013002       0x1e 
 .data          0x0000000000013020      0x454 kernel/global.o
                0x0000000000013020                queue
                0x00000000000132c0                task_table
                0x00000000000133a0                user_proc_table
                0x0000000000013440                sys_call_table
                0x000000000001344c                dd_map
                0x0000000000013464                fsbuf
                0x0000000000013468                mmbuf
                0x000000000001346c                logbuf
                0x0000000000013470                logdiskbuf
 .data          0x0000000000013474        0x0 kernel/protect.o
 .data          0x0000000000013474        0x0 kernel/proc.o
 .data          0x0000000000013474        0x0 kernel/systask.o
 .data          0x0000000000013474        0x0 kernel/hd.o
 .data          0x0000000000013474        0x0 kernel/klib.o
 .data          0x0000000000013474        0x0 lib/syslog.o
 .data          0x0000000000013474        0x0 mm/main.o
 .data          0x0000000000013474        0x0 mm/forkexit.o
 .data          0x0000000000013474        0x0 mm/exec.o
 .data          0x0000000000013474        0x0 fs/main.o
 .data          0x0000000000013474        0x0 fs/open.o
 .data          0x0000000000013474        0x0 fs/misc.o
 .data          0x0000000000013474        0x0 fs/read_write.o
 .data          0x0000000000013474        0x0 fs/link.o
 .data          0x0000000000013474        0x0 fs/disklog.o
 .data          0x0000000000013474        0x0 lib/orangescrt.a(printf.o)
 .data          0x0000000000013474        0x0 lib/orangescrt.a(vsprintf.o)
 .data          0x0000000000013474        0x0 lib/orangescrt.a(misc.o)
 .data          0x0000000000013474        0x0 lib/orangescrt.a(open.o)
 .data          0x0000000000013474        0x0 lib/orangescrt.a(read.o)
 .data          0x0000000000013474        0x0 lib/orangescrt.a(write.o)
 .data          0x0000000000013474        0x0 lib/orangescrt.a(close.o)
 .data          0x0000000000013474        0x0 lib/orangescrt.a(lseek.o)
 .data          0x0000000000013474        0x0 lib/orangescrt.a(getpid.o)
 .data          0x0000000000013474        0x0 lib/orangescrt.a(stat.o)
 .data          0x0000000000013474        0x0 lib/orangescrt.a(fork.o)
 .data          0x0000000000013474        0x0 lib/orangescrt.a(wait.o)
 .data          0x0000000000013474        0x0 lib/orangescrt.a(exec.o)

.data1
 *(.data1)
                0x0000000000013474                _edata = .
                0x0000000000013474                PROVIDE (edata, .)
                0x0000000000013474                . = .
                0x0000000000013474                __bss_start = .

.bss            0x0000000000013480    0x2b944
 *(.dynbss)
 *(.bss .bss.* .gnu.linkonce.b.*)
 .bss           0x0000000000013480      0x800 kernel/kernel.o
 .bss           0x0000000000013c80        0x0 kernel/start.o
 .bss           0x0000000000013c80        0x0 kernel/main.o
 .bss           0x0000000000013c80        0x0 kernel/clock.o
 .bss           0x0000000000013c80       0x58 kernel/keyboard.o
 .bss           0x0000000000013cd8        0x0 kernel/tty.o
 .bss           0x0000000000013cd8        0x0 kernel/console.o
 .bss           0x0000000000013cd8        0x0 kernel/i8259.o
 .bss           0x0000000000013cd8        0x0 kernel/global.o
 .bss           0x0000000000013cd8        0x0 kernel/protect.o
 .bss           0x0000000000013cd8        0x0 kernel/proc.o
 .bss           0x0000000000013cd8        0x0 kernel/systask.o
 *fill*         0x0000000000013cd8        0x8 
 .bss           0x0000000000013ce0      0x64c kernel/hd.o
 .bss           0x000000000001432c        0x0 kernel/klib.o
 .bss           0x000000000001432c        0x0 lib/syslog.o
 .bss           0x000000000001432c        0x0 mm/main.o
 .bss           0x000000000001432c        0x0 mm/forkexit.o
 .bss           0x000000000001432c        0x0 mm/exec.o
 .bss           0x000000000001432c        0x0 fs/main.o
 .bss           0x000000000001432c        0x0 fs/open.o
 .bss           0x000000000001432c        0x0 fs/misc.o
 .bss           0x000000000001432c        0x0 fs/read_write.o
 .bss           0x000000000001432c        0x0 fs/link.o
 *fill*         0x000000000001432c       0x14 
 .bss           0x0000000000014340      0x208 fs/disklog.o
 .bss           0x0000000000014548        0x0 lib/orangescrt.a(printf.o)
 .bss           0x0000000000014548        0x0 lib/orangescrt.a(vsprintf.o)
 .bss           0x0000000000014548        0x0 lib/orangescrt.a(misc.o)
 .bss           0x0000000000014548        0x0 lib/orangescrt.a(open.o)
 .bss           0x0000000000014548        0x0 lib/orangescrt.a(read.o)
 .bss           0x0000000000014548        0x0 lib/orangescrt.a(write.o)
 .bss           0x0000000000014548        0x0 lib/orangescrt.a(close.o)
 .bss           0x0000000000014548        0x0 lib/orangescrt.a(lseek.o)
 .bss           0x0000000000014548        0x0 lib/orangescrt.a(getpid.o)
 .bss           0x0000000000014548        0x0 lib/orangescrt.a(stat.o)
 .bss           0x0000000000014548        0x0 lib/orangescrt.a(fork.o)
 .bss           0x0000000000014548        0x0 lib/orangescrt.a(wait.o)
 .bss           0x0000000000014548        0x0 lib/orangescrt.a(exec.o)
 *(COMMON)
 COMMON         0x0000000000014548        0x0 kernel/start.o
 *fill*         0x0000000000014548       0x18 
 COMMON         0x0000000000014560    0x2a854 kernel/global.o
                0x0000000000014560                idt_ptr
                0x0000000000014580                inode_table
                0x0000000000015080                task_stack
                0x0000000000039080                k_reenter
                0x00000000000390a0                gdt
                0x00000000000394a0                current_console
                0x00000000000394a4                pcaller
                0x00000000000394c0                tty_table
                0x000000000003a140                tss
                0x000000000003a1c0                fs_msg
                0x000000000003a1f0                memory_size
                0x000000000003a200                f_desc_table
                0x000000000003a600                root_inode
                0x000000000003a604                disp_pos
                0x000000000003a620                mm_msg
                0x000000000003a650                key_pressed
                0x000000000003a654                gdt_ptr
                0x000000000003a660                idt
                0x000000000003ae60                super_block
                0x000000000003b040                ticks
                0x000000000003b060                console_table
                0x000000000003b0a0                irq_table
                0x000000000003b0e0                p_proc_ready
                0x000000000003b100                proc_table
 COMMON         0x000000000003edb4       0x10 kernel/hd.o
                0x000000000003edb4                PARTITION_ENTRY
                0x000000000003edc4                . = ALIGN ((. != 0x0)?0x4:0x1)
                0x000000000003edc4                . = ALIGN (0x4)
                0x000000000003edc4                . = SEGMENT_START ("ldata-segment", .)
                0x000000000003edc4                . = ALIGN (0x4)
                0x000000000003edc4                _end = .
                0x000000000003edc4                PROVIDE (end, .)
                0x000000000003edc4                . = DATA_SEGMENT_END (.)

.stab
 *(.stab)

.stabstr
 *(.stabstr)

.stab.excl
 *(.stab.excl)

.stab.exclstr
 *(.stab.exclstr)

.stab.index
 *(.stab.index)

.stab.indexstr
 *(.stab.indexstr)

.comment        0x0000000000000000       0x2b
 *(.comment)
 .comment       0x0000000000000000       0x2b kernel/start.o
                                         0x2c (size before relaxing)
 .comment       0x0000000000000000       0x2c kernel/main.o
 .comment       0x0000000000000000       0x2c kernel/clock.o
 .comment       0x0000000000000000       0x2c kernel/keyboard.o
 .comment       0x0000000000000000       0x2c kernel/tty.o
 .comment       0x0000000000000000       0x2c kernel/console.o
 .comment       0x0000000000000000       0x2c kernel/i8259.o
 .comment       0x0000000000000000       0x2c kernel/global.o
 .comment       0x0000000000000000       0x2c kernel/protect.o
 .comment       0x0000000000000000       0x2c kernel/proc.o
 .comment       0x0000000000000000       0x2c kernel/systask.o
 .comment       0x0000000000000000       0x2c kernel/hd.o
 .comment       0x0000000000000000       0x2c kernel/klib.o
 .comment       0x0000000000000000       0x2c lib/syslog.o
 .comment       0x0000000000000000       0x2c mm/main.o
 .comment       0x0000000000000000       0x2c mm/forkexit.o
 .comment       0x0000000000000000       0x2c mm/exec.o
 .comment       0x0000000000000000       0x2c fs/main.o
 .comment       0x0000000000000000       0x2c fs/open.o
 .comment       0x0000000000000000       0x2c fs/misc.o
 .comment       0x0000000000000000       0x2c fs/read_write.o
 .comment       0x0000000000000000       0x2c fs/link.o
 .comment       0x0000000000000000       0x2c fs/disklog.o
 .comment       0x0000000000000000       0x2c lib/orangescrt.a(printf.o)
 .comment       0x0000000000000000       0x2c lib/orangescrt.a(vsprintf.o)
 .comment       0x0000000000000000       0x2c lib/orangescrt.a(misc.o)
 .comment       0x0000000000000000       0x2c lib/orangescrt.a(open.o)
 .comment       0x0000000000000000       0x2c lib/orangescrt.a(read.o)
 .comment       0x0000000000000000       0x2c lib/orangescrt.a(write.o)
 .comment       0x0000000000000000       0x2c lib/orangescrt.a(close.o)
 .comment       0x0000000000000000       0x2c lib/orangescrt.a(lseek.o)
 .comment       0x0000000000000000       0x2c lib/orangescrt.a(getpid.o)
 .comment       0x0000000000000000       0x2c lib/orangescrt.a(stat.o)
 .comment       0x0000000000000000       0x2c lib/orangescrt.a(fork.o)
 .comment       0x0000000000000000       0x2c lib/orangescrt.a(wait.o)
 .comment       0x0000000000000000       0x2c lib/orangescrt.a(exec.o)

.debug
 *(.debug)

.line
 *(.line)

.debug_srcinfo
 *(.debug_srcinfo)

.debug_sfnames
 *(.debug_sfnames)

.debug_aranges
 *(.debug_aranges)

.debug_pubnames
 *(.debug_pubnames)

.debug_info
 *(.debug_info .gnu.linkonce.wi.*)

.debug_abbrev
 *(.debug_abbrev)

.debug_line
 *(.debug_line .debug_line.* .debug_line_end)

.debug_frame
 *(.debug_frame)

.debug_str
 *(.debug_str)

.debug_loc
 *(.debug_loc)

.debug_macinfo
 *(.debug_macinfo)

.debug_weaknames
 *(.debug_weaknames)

.debug_funcnames
 *(.debug_funcnames)

.debug_typenames
 *(.debug_typenames)

.debug_varnames
 *(.debug_varnames)

.debug_pubtypes
 *(.debug_pubtypes)

.debug_ranges
 *(.debug_ranges)

.debug_macro
 *(.debug_macro)

.gnu.attributes
 *(.gnu.attributes)

/DISCARD/
 *(.note.GNU-stack)
 *(.gnu_debuglink)
 *(.gnu.lto_*)
OUTPUT(kernel.bin elf32-i386)
